[eco-story.co.kr/index.html]
[backblue.gif]
[fade.gif]
[index.html]
[eco-story.co.kr/main/index.html]
[eco-story.co.kr/index.html]
[eco-story.co.kr/data/icon/favicon/snslogoaeaa.jpg]
[eco-story.co.kr/data/icon/favicon/favicon1513325142.ico]
[eco-story.co.kr/app/javascript/jquery/jquery.min.js]
[eco-story.co.kr/app/javascript/jquery/jquery-ui.min.js]
[eco-story.co.kr/app/javascript/plugin/jquery.poshytip.min.js]
[eco-story.co.kr/app/javascript/plugin/jquery.activity-indicator-1.0.0.min.js]
[eco-story.co.kr/app/javascript/plugin/jquery.cookie.js]
[eco-story.co.kr/app/javascript/plugin/jquery.slides.min.js]
[eco-story.co.kr/app/javascript/plugin/jquery.bxslider.js]
[eco-story.co.kr/app/javascript/plugin/jquery.placeholder.js]
[eco-story.co.kr/app/javascript/plugin/custom-select-box.js]
[eco-story.co.kr/app/javascript/js/common605a.js]
[eco-story.co.kr/app/javascript/js/front-layout605a.js]
[eco-story.co.kr/app/javascript/js/base64.js]
[eco-story.co.kr/app/javascript/js/goods-display605a.js]
[eco-story.co.kr/app/javascript/js/board-display605a.js]
[eco-story.co.kr/data/skin/0727zerom/common/script.js]
[eco-story.co.kr/data/skin/0727zerom/images/mimg/js/mcommon.js]
[eco-story.co.kr/data/skin/0727zerom/images/mimg/top_logo.gif]
[eco-story.co.kr/goods/catalog762d.html]
[eco-story.co.kr/goods/catalog6408.html]
[eco-story.co.kr/goods/catalogd588.html]
[eco-story.co.kr/goods/catalog9e51.html]
[eco-story.co.kr/goods/catalog9c66.html]
[eco-story.co.kr/goods/catalog41df.html]
[eco-story.co.kr/goods/catalog5366.html]
[eco-story.co.kr/goods/catalog4c8e.html]
[eco-story.co.kr/goods/catalogf103.html]
[eco-story.co.kr/goods/catalog1a12.html]
[eco-story.co.kr/goods/cataloge7ff.html]
[eco-story.co.kr/goods/catalog2e0a.html]
[eco-story.co.kr/goods/catalog6f78.html]
[eco-story.co.kr/goods/catalog0f19.html]
[eco-story.co.kr/goods/catalog613d.html]
[eco-story.co.kr/goods/catalog617e.html]
[eco-story.co.kr/goods/catalog6b66.html]
[eco-story.co.kr/goods/catalog3789.html]
[eco-story.co.kr/goods/catalog0187.html]
[eco-story.co.kr/goods/catalogf53c.html]
[eco-story.co.kr/goods/catalog17c0.html]
[eco-story.co.kr/goods/catalog339a.html]
[eco-story.co.kr/goods/catalog1741.html]
[eco-story.co.kr/goods/catalogffc6.html]
[eco-story.co.kr/goods/catalogf4d9.html]
[eco-story.co.kr/goods/cataloge3be.html]
[eco-story.co.kr/goods/catalog483b.html]
[eco-story.co.kr/data/skin/0727zerom/images/mimg/btn_ham.png]
[eco-story.co.kr/member/login.html]
[eco-story.co.kr/member/agreement.html]
[eco-story.co.kr/member/find.html]
[eco-story.co.kr/order/cart.html]
[eco-story.co.kr/mypage/index.html]
[eco-story.co.kr/mypage/order_catalog]
[eco-story.co.kr/member/login0c75.html]
[eco-story.co.kr/data/skin/0727zerom/images/mimg/r_quick01_off.gif]
[eco-story.co.kr/board/indexffe2.html]
[eco-story.co.kr/data/skin/0727zerom/images/mimg/r_quick01_on.gif]
[eco-story.co.kr/data/skin/0727zerom/images/mimg/r_quick02_off.gif]
[eco-story.co.kr/data/skin/0727zerom/images/mimg/r_quick02_on.gif]
[eco-story.co.kr/data/skin/0727zerom/images/mimg/r_quick03_off.gif]
[eco-story.co.kr/data/skin/0727zerom/images/mimg/r_quick03_on.gif]
[eco-story.co.kr/data/skin/0727zerom/images/mimg/r_quick04_off.gif]
[eco-story.co.kr/data/skin/0727zerom/images/mimg/r_quick04_on.gif]
[eco-story.co.kr/board/indexd8b6.html]
[eco-story.co.kr/data/skin/0727zerom/images/mimg/r_quick05_off.gif]
[eco-story.co.kr/data/skin/0727zerom/images/mimg/js/jquery.sliderkit.1.9.2.pack.js]
[eco-story.co.kr/board/indexff36.html]
[eco-story.co.kr/data/skin/0727zerom/images/mimg/js/jquery.easing.1.3.min.js]
[eco-story.co.kr/data/skin/0727zerom/images/mimg/js/mosaic.1.0.1.min.js]
[eco-story.co.kr/data/skin/0727zerom/images/mimg/js/instafeed.min.js]
[eco-story.co.kr/data/skin/0727zerom/images/mimg/js/slidermain.js]
[eco-story.co.kr/data/skin/0727zerom/images/mimg/main01.jpg]
[eco-story.co.kr/data/skin/0727zerom/images/mimg/main02.jpg]
[eco-story.co.kr/data/skin/0727zerom/images/mimg/main03.jpg]
[eco-story.co.kr/data/skin/0727zerom/images/mimg/ban_cross.png]
[eco-story.co.kr/data/skin/0727zerom/images/mimg/ban_look01.jpg]
[eco-story.co.kr/data/skin/0727zerom/images/mimg/ban_look02.jpg]
[eco-story.co.kr/data/skin/0727zerom/images/mimg/ban_look03.jpg]
[eco-story.co.kr/data/skin/0727zerom/images/mimg/ban_right01.jpg]
[eco-story.co.kr/data/skin/0727zerom/images/mimg/insta_title.gif]
[eco-story.co.kr/data/skin/0727zerom/images/mimg/banner_product_1.jpg]
[eco-story.co.kr/data/skin/0727zerom/images/mimg/banner_product_2.jpg]
[eco-story.co.kr/data/skin/0727zerom/images/mimg/banner_product_3.jpg]
[eco-story.co.kr/data/skin/0727zerom/images/mimg/banner_product_4.jpg]
[eco-story.co.kr/data/skin/0727zerom/images/mimg/banner_product_5.jpg]
[eco-story.co.kr/data/skin/0727zerom/images/mimg/banner_product_6.jpg]
[eco-story.co.kr/data/skin/0727zerom/images/mimg/banner_product_7.jpg]
[eco-story.co.kr/data/skin/0727zerom/images/mimg/banner_product_8.jpg]
[eco-story.co.kr/data/skin/0727zerom/images/mimg/banner_product_9.jpg]
[eco-story.co.kr/data/skin/0727zerom/images/mimg/banner_product_10.jpg]
[eco-story.co.kr/goods/view07c0.html]
[eco-story.co.kr/data/goods/1/2017/08/2087_tmp_e718eb78199aac1bdc3b65ab7a0a61534030list1.jpg]
[eco-story.co.kr/data/skin/0727zerom/images/common/noimage.gif]
[eco-story.co.kr/goods/viewcef7.html]
[eco-story.co.kr/data/goods/1/2017/08/2086_tmp_d521b9eb9d869cc267018d106857aca92632list1.jpg]
[eco-story.co.kr/goods/view2a31.html]
[eco-story.co.kr/data/goods/1/2017/08/2091_tmp_9eeca80cee7c4d9369eecba5be3a27089392list1.jpg]
[eco-story.co.kr/goods/view5914.html]
[eco-story.co.kr/data/goods/1/2017/08/2090_tmp_a91103f0f2c6160f2d42edf274231a743202list1.jpg]
[eco-story.co.kr/goods/viewa713.html]
[eco-story.co.kr/data/goods/1/2017/08/2089_tmp_b1d1ad189f7bdfc73bc7d858a5a7e0f02918list1.jpg]
[eco-story.co.kr/goods/view22e0.html]
[eco-story.co.kr/data/goods/1/2017/08/2088_tmp_cad9291afa0a644d10d02b738d3f62582694list1.jpg]
[eco-story.co.kr/goods/viewb048.html]
[eco-story.co.kr/data/goods/1/2017/08/2083_tmp_dd49141af6bbae0f5dfd8cecd1b39a063196list1.jpg]
[eco-story.co.kr/goods/viewba68.html]
[eco-story.co.kr/data/goods/1/2017/08/2084_tmp_872c7b6747127c128732cae3069e350b5287list1.jpg]
[eco-story.co.kr/data/skin/0727zerom/images/mimg/youtube_img_1.jpg]
[eco-story.co.kr/data/skin/0727zerom/images/mimg/youtube_img_2.jpg]
[eco-story.co.kr/data/skin/0727zerom/images/mimg/youtube_img_3.jpg]
[eco-story.co.kr/goods/view4978.html]
[eco-story.co.kr/data/skin/0727zerom/images/mimg/mp_event_arrow01.png]
[eco-story.co.kr/data/goods/1/2016/08/1786_tmp_b3b6eec1603f22bc9ef39ffc8da6f7448447list2.jpg]
[eco-story.co.kr/goods/view8288.html]
[eco-story.co.kr/data/goods/1/2015/06/1561_tmp_e7b48cc9580dd523ef8c379843da9cdb9005list2.jpg]
[eco-story.co.kr/goods/view775e.html]
[eco-story.co.kr/data/goods/1/2010/08/11_tmp_11f88552d581b9f634bd9ff9262dccba8649list1.jpg]
[eco-story.co.kr/goods/view4aab.html]
[eco-story.co.kr/data/goods/1/2010/08/14_tmp_419ddaf272be3688cc9248d0dc0501911716list1.jpg]
[eco-story.co.kr/goods/view96e5.html]
[eco-story.co.kr/data/goods/1/2010/09/46_tmp_4c4007d3d32d5d1adfe7d676cc6f2b6a9514list1.jpg]
[eco-story.co.kr/goods/viewc443.html]
[eco-story.co.kr/data/goods/1/2013/04/611_tmp_1cb5022596c71770ecf5942f78a3dedd8027list1.jpg]
[eco-story.co.kr/goods/view44c3.html]
[eco-story.co.kr/data/goods/1/2015/06/1538_tmp_840fb3fd28050a5a72fc4a48741b531f3053list1.jpg]
[eco-story.co.kr/goods/view70f6.html]
[eco-story.co.kr/data/goods/1/2014/09/1363_tmp_a2586142fe39001e3fe6e16276d0c2808476list1.jpg]
[eco-story.co.kr/goods/viewb846.html]
[eco-story.co.kr/data/goods/1/2014/07/1344_tmp_5281730892391c41f943bac7440f4ec56656list1.jpg]
[eco-story.co.kr/goods/view56a0.html]
[eco-story.co.kr/data/goods/1/2016/09/1840_tmp_9f8a42268888e1961ab833a891d2a7877090list1.jpg]
[eco-story.co.kr/goods/view8c2c.html]
[eco-story.co.kr/data/goods/1/2013/04/653_tmp_2b07c348dfd89a57c4fb7e668f40678a5020list1.jpg]
[eco-story.co.kr/goods/viewd9a8.html]
[eco-story.co.kr/data/goods/1/2013/04/637_tmp_585431a29bb0ca83c483567415e48ca65382list1.jpg]
[eco-story.co.kr/goods/viewaccc.html]
[eco-story.co.kr/data/goods/1/2011/03/134_tmp_b7b28f5d14f1c9e1ea3047233f6015682798list1.jpg]
[eco-story.co.kr/goods/viewc471.html]
[eco-story.co.kr/data/goods/1/2013/11/1133_tmp_fedc28d5c96f34978995b4d82e68a01c5698list1.jpg]
[eco-story.co.kr/goods/viewc4c0.html]
[eco-story.co.kr/data/goods/1/2015/10/1612_tmp_0d43d87cffebe8c6651f83daca489bef4714list1.jpg]
[eco-story.co.kr/goods/viewae75.html]
[eco-story.co.kr/data/goods/1/2017/08/2076_tmp_62bbefef51e2cb0c1582b19f23eb15719829list1.jpg]
[eco-story.co.kr/goods/view0f2e.html]
[eco-story.co.kr/data/goods/1/2017/06/2020_tmp_48acb711585f40d33dc9880dabbf264c1830list1.jpg]
[eco-story.co.kr/goods/viewb410.html]
[eco-story.co.kr/data/goods/1/2016/11/1903_tmp_6a2e5a7968a61a639cd44646dc4b458b6522list1.jpg]
[eco-story.co.kr/goods/view452c.html]
[eco-story.co.kr/data/goods/1/2016/08/1780_tmp_284504fe86d64f7fe6e61dd6bbde910e5658list1.jpg]
[eco-story.co.kr/goods/viewbdad.html]
[eco-story.co.kr/data/goods/1/2016/08/1782_tmp_85d68216cd260b779f968be08bb6cafd3300list1.jpg]
[eco-story.co.kr/goods/view827d.html]
[eco-story.co.kr/data/goods/1/2014/09/1371_tmp_42707545b91c4d82cffd9660ef5b1e100833list1.jpg]
[eco-story.co.kr/goods/view014a.html]
[eco-story.co.kr/data/goods/1/2017/09/2113_tmp_0c66aa222ff916013f81231f6755f4eb3371list1.jpg]
[eco-story.co.kr/goods/viewe435.html]
[eco-story.co.kr/data/goods/1/2017/04/2003_tmp_6fcb77e5ca8510fe2f1d0e45bea9247e4507list1.jpg]
[eco-story.co.kr/goods/viewbd0a.html]
[eco-story.co.kr/data/goods/1/2016/12/1918_tmp_13abe40d95e09598fd6158073be0226a4513list1.jpg]
[eco-story.co.kr/goods/viewf6cb.html]
[eco-story.co.kr/data/goods/1/2016/12/1927_tmp_849b2dd0002282154f05bc61082484899811list1.jpg]
[eco-story.co.kr/goods/view9dd9.html]
[eco-story.co.kr/data/goods/1/2017/06/2013_tmp_bb61227dc2aa4ded364cc39b625376cc9302list1.jpg]
[eco-story.co.kr/service/company.html]
[eco-story.co.kr/service/agreement.html]
[eco-story.co.kr/service/privacy.html]
[eco-story.co.kr/service/guide.html]
[eco-story.co.kr/data/skin/0727zerom/images/mimg/ft_logo.gif]
[eco-story.co.kr/data/skin/0727zerom/images/mimg/ft_sns01.gif]
[eco-story.co.kr/data/skin/0727zerom/images/mimg/ft_sns02.gif]
[eco-story.co.kr/data/skin/0727zerom/images/mimg/ft_sns03.gif]
[eco-story.co.kr/data/skin/0727zerom/images/mimg/ft_sns04.gif]
[eco-story.co.kr/main/blank.html]
[eco-story.co.kr/main/index.html]
[eco-story.co.kr/data/font/font.css]
[eco-story.co.kr/data/skin/0727zerom/images/common/list_type_a.gif]
[eco-story.co.kr/data/skin/0727zerom/images/common/list_type_a_on.gif]
[eco-story.co.kr/data/skin/0727zerom/images/common/list_type_b.gif]
[eco-story.co.kr/data/skin/0727zerom/images/common/list_type_b_on.gif]
[eco-story.co.kr/data/skin/0727zerom/images/common/list_type_c.gif]
[eco-story.co.kr/data/skin/0727zerom/images/common/list_type_c_on.gif]
[eco-story.co.kr/data/skin/0727zerom/images/design/tbl_th_bg.gif]
[eco-story.co.kr/data/skin/0727zerom/images/board/icon/icon_paging_prev.gif]
[eco-story.co.kr/data/skin/0727zerom/images/board/icon/icon_paging_next.gif]
[eco-story.co.kr/data/skin/0727zerom/images/board/icon/icon_paging_first.gif]
[eco-story.co.kr/data/skin/0727zerom/images/board/icon/icon_paging_end.gif]
[eco-story.co.kr/data/skin/0727zerom/images/design/right_quick_arrowdown.gif]
[eco-story.co.kr/data/skin/0727zerom/images/common/icon_check_join.gif]
[eco-story.co.kr/data/skin/0727zerom/images/common/thumb_play.png]
[eco-story.co.kr/data/skin/0727zerom/images/common/btn_close_dsp.gif]
[eco-story.co.kr/data/skin/0727zerom/images/common/btn_view_detail.gif]
[eco-story.co.kr/data/skin/0727zerom/images/board/cmt_bg_dot.gif]
[eco-story.co.kr/data/skin/0727zerom/css/common.css]
[eco-story.co.kr/data/skin/0727zerom/images/common/btnBg.gif]
[eco-story.co.kr/data/skin/0727zerom/images/common/icon_plus.gif]
[eco-story.co.kr/data/skin/0727zerom/images/common/icon_minus.gif]
[eco-story.co.kr/data/skin/0727zerom/images/common/icon_plus_gray.png]
[eco-story.co.kr/data/skin/0727zerom/images/common/icon_minus_gray.png]
[eco-story.co.kr/data/skin/0727zerom/images/common/btn_arrow_l.gif]
[eco-story.co.kr/data/skin/0727zerom/images/common/btn_arrow_r.gif]
[eco-story.co.kr/data/skin/0727zerom/images/common/icon_check.gif]
[eco-story.co.kr/data/skin/0727zerom/images/common/select_bg_back.gif]
[eco-story.co.kr/data/skin/0727zerom/images/common/btn_ps_bg.gif]
[eco-story.co.kr/data/skin/0727zerom/css/buttons.css]
[eco-story.co.kr/data/skin/0727zerom/css/jqueryui/black-tie/images/ui-bg_highlight-hard_100_f9f9f9_1x100.png]
[eco-story.co.kr/data/skin/0727zerom/css/jqueryui/black-tie/images/ui-bg_diagonals-thick_8_333333_40x40.png]
[eco-story.co.kr/data/skin/0727zerom/css/jqueryui/black-tie/images/ui-bg_glass_40_111111_1x400.png]
[eco-story.co.kr/data/skin/0727zerom/css/jqueryui/black-tie/images/ui-bg_glass_55_1c1c1c_1x400.png]
[eco-story.co.kr/data/skin/0727zerom/css/jqueryui/black-tie/images/ui-bg_flat_65_ffffff_40x100.png]
[eco-story.co.kr/data/skin/0727zerom/css/jqueryui/black-tie/images/ui-bg_inset-hard_55_ffeb80_1x100.png]
[eco-story.co.kr/data/skin/0727zerom/css/jqueryui/black-tie/images/ui-bg_inset-hard_45_cd0a0a_1x100.png]
[eco-story.co.kr/data/skin/0727zerom/css/jqueryui/black-tie/images/ui-icons_222222_256x240.png]
[eco-story.co.kr/data/skin/0727zerom/css/jqueryui/black-tie/images/ui-icons_bbbbbb_256x240.png]
[eco-story.co.kr/data/skin/0727zerom/css/jqueryui/black-tie/images/ui-icons_ededed_256x240.png]
[eco-story.co.kr/data/skin/0727zerom/css/jqueryui/black-tie/images/ui-icons_ffffff_256x240.png]
[eco-story.co.kr/data/skin/0727zerom/css/jqueryui/black-tie/images/ui-icons_4ca300_256x240.png]
[eco-story.co.kr/data/skin/0727zerom/css/jqueryui/black-tie/images/ui-icons_ffcf29_256x240.png]
[eco-story.co.kr/data/skin/0727zerom/css/jqueryui/black-tie/images/ui-bg_highlight-soft_50_aaaaaa_1x100.png]
[eco-story.co.kr/data/skin/0727zerom/css/jqueryui/black-tie/images/btn_close_popup.gif]
[eco-story.co.kr/data/skin/0727zerom/css/jqueryui/black-tie/jquery-ui-1.8.16.custom.css]
[fonts.googleapis.com/earlyaccess/nanumgothic.css]
[eco-story.co.kr/data/skin/0727zerom/images/mimg/main_left.png]
[eco-story.co.kr/data/skin/0727zerom/images/mimg/main_right.png]
[eco-story.co.kr/data/skin/0727zerom/images/mimg/top_event01.jpg]
[eco-story.co.kr/data/skin/0727zerom/images/mimg/top_event02.jpg]
[eco-story.co.kr/data/skin/0727zerom/images/mimg/look_left.gif]
[eco-story.co.kr/data/skin/0727zerom/images/mimg/look_right.gif]
[eco-story.co.kr/data/skin/0727zerom/images/mimg/look_left_on.gif]
[eco-story.co.kr/data/skin/0727zerom/images/mimg/look_right_on.gif]
[eco-story.co.kr/data/skin/0727zerom/images/mimg/left_bg.jpg]
[eco-story.co.kr/data/skin/0727zerom/images/mimg/mp_ban03.jpg]
[eco-story.co.kr/data/skin/0727zerom/images/mimg/mp_ban04.jpg]
[eco-story.co.kr/data/skin/0727zerom/images/mimg/mCSB_buttons.png]
[eco-story.co.kr/data/skin/0727zerom/css/mcss.css]
[eco-story.co.kr/goods/catalog762d.html]
[eco-story.co.kr/goods/catalog6408.html]
[eco-story.co.kr/goods/catalogd588.html]
[eco-story.co.kr/goods/catalog9e51.html]
[eco-story.co.kr/goods/catalog9c66.html]
[eco-story.co.kr/goods/catalog41df.html]
[eco-story.co.kr/goods/catalog5366.html]
[eco-story.co.kr/goods/catalog4c8e.html]
[eco-story.co.kr/goods/catalogf103.html]
[eco-story.co.kr/goods/catalog1a12.html]
[eco-story.co.kr/goods/cataloge7ff.html]
[eco-story.co.kr/goods/catalog2e0a.html]
[eco-story.co.kr/goods/catalog6f78.html]
[eco-story.co.kr/goods/catalog0f19.html]
[eco-story.co.kr/goods/catalog613d.html]
[eco-story.co.kr/goods/catalog617e.html]
[eco-story.co.kr/goods/catalog6b66.html]
[eco-story.co.kr/goods/catalog3789.html]
[eco-story.co.kr/goods/catalog0187.html]
[eco-story.co.kr/goods/catalogf53c.html]
[eco-story.co.kr/goods/catalog17c0.html]
[eco-story.co.kr/goods/catalog339a.html]
[eco-story.co.kr/goods/catalog1741.html]
[eco-story.co.kr/goods/catalogffc6.html]
[eco-story.co.kr/goods/catalogf4d9.html]
[eco-story.co.kr/goods/cataloge3be.html]
[eco-story.co.kr/goods/catalog483b.html]
[eco-story.co.kr/data/icon/favicon/snslogoa401.jpg]
[eco-story.co.kr/app/javascript/js/common2c0d.js]
[eco-story.co.kr/app/javascript/js/front-layout2c0d.js]
[eco-story.co.kr/app/javascript/js/goods-display2c0d.js]
[eco-story.co.kr/app/javascript/js/board-display2c0d.js]
[eco-story.co.kr/app/javascript/js/facebook0dfd.js]
[eco-story.co.kr/data/skin/0727zerom/images/design/tit_login.gif]
[eco-story.co.kr/data/skin/0727zerom/images/buttons/btn_login.gif]
[eco-story.co.kr/data/skin/0727zerom/images/sns/sns_bt_facebook_login.gif]
[eco-story.co.kr/data/skin/0727zerom/images/sns/sns_bt_twitter_login.gif]
[eco-story.co.kr/data/skin/0727zerom/images/sns/sns_bt_naver_login.gif]
[eco-story.co.kr/mypage/myinfo.html]
[eco-story.co.kr/sns_process/snsredirecturl2a19.html]
[eco-story.co.kr/member/login.html]
[eco-story.co.kr/app/javascript/js/common92e4.js]
[eco-story.co.kr/app/javascript/js/front-layout92e4.js]
[eco-story.co.kr/app/javascript/js/goods-display92e4.js]
[eco-story.co.kr/app/javascript/js/board-display92e4.js]
[eco-story.co.kr/data/skin/0727zerom/images/design/tit_join.gif]
[eco-story.co.kr/data/skin/0727zerom/images/common/join_img_top.gif]
[eco-story.co.kr/data/skin/0727zerom/images/sns/sns_bt_idpw_join.gif]
[eco-story.co.kr/data/skin/0727zerom/images/sns/sns_bt_facebook_join.gif]
[eco-story.co.kr/data/skin/0727zerom/images/sns/sns_bt_twitter_join.gif]
[eco-story.co.kr/data/skin/0727zerom/images/sns/sns_bt_naver_join.gif]
[eco-story.co.kr/data/skin/0727zerom/images/common/join_img_benefit.gif]
[eco-story.co.kr/member/agreement.html]
[eco-story.co.kr/data/icon/favicon/snslogoe499.jpg]
[eco-story.co.kr/data/skin/0727zerom/images/design/tit_idpw.gif]
[eco-story.co.kr/data/skin/0727zerom/images/design/img_search.gif]
[eco-story.co.kr/data/skin/0727zerom/images/design/idpw_stit_id.gif]
[eco-story.co.kr/data/skin/0727zerom/images/design/btn_ok.gif]
[eco-story.co.kr/member/login6bc3.html]
[eco-story.co.kr/data/skin/0727zerom/images/design/btn_login.gif]
[eco-story.co.kr/data/skin/0727zerom/images/design/btn_find_pw.gif]
[eco-story.co.kr/data/skin/0727zerom/images/design/btn_find_id.gif]
[eco-story.co.kr/data/skin/0727zerom/images/design/btn_join.gif]
[eco-story.co.kr/data/skin/0727zerom/images/design/idpw_stit_pw.gif]
[eco-story.co.kr/member/find.html]
[eco-story.co.kr/data/skin/0727zerom/images/design/tit_shoppingcart.gif]
[eco-story.co.kr/data/skin/0727zerom/images/design/btn_select_all.gif]
[eco-story.co.kr/data/skin/0727zerom/images/design/btn_select_del.gif]
[eco-story.co.kr/data/skin/0727zerom/images/buttons/btn_order_all.gif]
[eco-story.co.kr/data/skin/0727zerom/images/buttons/btn_order_selected.gif]
[eco-story.co.kr/data/skin/0727zerom/images/buttons/btn_shopping_continue.gif]
[eco-story.co.kr/order/fblike_opengraph.html]
[eco-story.co.kr/order/cart.html]
[eco-story.co.kr/member/login3faa.html]
[eco-story.co.kr/mypage/index.html]
[eco-story.co.kr/data/icon/favicon/snslogo83d1.jpg]
[eco-story.co.kr/app/javascript/js/common84f7.js]
[eco-story.co.kr/app/javascript/js/front-layout84f7.js]
[eco-story.co.kr/app/javascript/js/goods-display84f7.js]
[eco-story.co.kr/app/javascript/js/board-display84f7.js]
[eco-story.co.kr/data/skin/0727zerom/images/common/tit_inquiry.gif]
[eco-story.co.kr/data/skin/0727zerom/images/common/img_txt_inquiry_member.gif]
[eco-story.co.kr/data/skin/0727zerom/images/common/img_txt_inquiry_nonmember.gif]
[eco-story.co.kr/data/skin/0727zerom/images/common/btn_inquiry.gif]
[eco-story.co.kr/member/login0c75.html]
[eco-story.co.kr/board/indexffe2.html]
[eco-story.co.kr/board/indexd8b6.html]
[eco-story.co.kr/board/indexff36.html]
[eco-story.co.kr/goods/view07c0.html]
[eco-story.co.kr/goods/viewcef7.html]
[eco-story.co.kr/goods/view2a31.html]
[eco-story.co.kr/goods/view5914.html]
[eco-story.co.kr/goods/viewa713.html]
[eco-story.co.kr/goods/view22e0.html]
[eco-story.co.kr/goods/viewb048.html]
[eco-story.co.kr/goods/viewba68.html]
[eco-story.co.kr/goods/view4978.html]
[eco-story.co.kr/goods/view8288.html]
[eco-story.co.kr/goods/view775e.html]
[eco-story.co.kr/goods/view4aab.html]
[eco-story.co.kr/goods/view96e5.html]
[eco-story.co.kr/goods/viewc443.html]
[eco-story.co.kr/goods/view44c3.html]
[eco-story.co.kr/goods/view70f6.html]
[eco-story.co.kr/goods/viewb846.html]
[eco-story.co.kr/goods/view56a0.html]
[eco-story.co.kr/goods/view8c2c.html]
[eco-story.co.kr/goods/viewd9a8.html]
[eco-story.co.kr/goods/viewaccc.html]
[eco-story.co.kr/goods/viewc471.html]
[eco-story.co.kr/goods/viewc4c0.html]
[eco-story.co.kr/goods/viewae75.html]
[eco-story.co.kr/goods/view0f2e.html]
[eco-story.co.kr/goods/viewb410.html]
[eco-story.co.kr/goods/view452c.html]
[eco-story.co.kr/goods/viewbdad.html]
[eco-story.co.kr/goods/view827d.html]
[eco-story.co.kr/goods/view014a.html]
[eco-story.co.kr/goods/viewe435.html]
[eco-story.co.kr/goods/viewbd0a.html]
[eco-story.co.kr/goods/viewf6cb.html]
[eco-story.co.kr/goods/view9dd9.html]
[eco-story.co.kr/data/icon/favicon/snslogo4476.jpg]
[eco-story.co.kr/app/javascript/js/common2185.js]
[eco-story.co.kr/app/javascript/js/front-layout2185.js]
[eco-story.co.kr/app/javascript/js/goods-display2185.js]
[eco-story.co.kr/app/javascript/js/board-display2185.js]
[eco-story.co.kr/data/skin/0727zerom/images/design/tit_company.gif]
[eco-story.co.kr/data/skin/0727zerom/images/design/company_img_title_sample.gif]
[eco-story.co.kr/service/company.html]
[eco-story.co.kr/data/skin/0727zerom/images/design/join_stit_clause.gif]
[eco-story.co.kr/service/agreement.html]
[eco-story.co.kr/data/skin/0727zerom/images/design/join_stit_privacy.gif]
[eco-story.co.kr/service/privacy.html]
[eco-story.co.kr/data/icon/favicon/snslogo6693.jpg]
[eco-story.co.kr/app/javascript/js/commondf0c.js]
[eco-story.co.kr/app/javascript/js/front-layoutdf0c.js]
[eco-story.co.kr/app/javascript/js/goods-displaydf0c.js]
[eco-story.co.kr/app/javascript/js/board-displaydf0c.js]
[eco-story.co.kr/data/skin/0727zerom/images/design/tit_guide.gif]
[eco-story.co.kr/service/guide.html]
[eco-story.co.kr/main/blank.html]
[eco-story.co.kr/member/login0b96.html]
[eco-story.co.kr/mypage/myinfo.html]
[eco-story.co.kr/app/javascript/js/common.js]
[eco-story.co.kr/sns_process/snsredirecturl2a19.html]
[eco-story.co.kr/data/icon/favicon/snslogocf65.jpg]
[eco-story.co.kr/app/javascript/js/common318f.js]
[eco-story.co.kr/app/javascript/js/front-layout318f.js]
[eco-story.co.kr/app/javascript/js/goods-display318f.js]
[eco-story.co.kr/app/javascript/js/board-display318f.js]
[eco-story.co.kr/main.html]
[eco-story.co.kr/member/login6bc3.html]
[eco-story.co.kr/order/fblike_opengraph.html]
[eco-story.co.kr/data/icon/favicon/snslogoc621.jpg]
[eco-story.co.kr/app/javascript/js/common35a5.js]
[eco-story.co.kr/app/javascript/js/front-layout35a5.js]
[eco-story.co.kr/app/javascript/js/goods-display35a5.js]
[eco-story.co.kr/app/javascript/js/board-display35a5.js]
[eco-story.co.kr/member/login3faa.html]
[eco-story.co.kr/data/icon/favicon/snslogo281a.jpg]
[eco-story.co.kr/app/javascript/js/common0d42.js]
[eco-story.co.kr/app/javascript/js/front-layout0d42.js]
[eco-story.co.kr/app/javascript/js/goods-display0d42.js]
[eco-story.co.kr/app/javascript/js/board-display0d42.js]
[eco-story.co.kr/member/login0b96.html]
[eco-story.co.kr/data/icon/favicon/snslogo13c6.jpg]
[eco-story.co.kr/app/javascript/js/commonc279.js]
[eco-story.co.kr/app/javascript/js/front-layoutc279.js]
[eco-story.co.kr/app/javascript/js/goods-displayc279.js]
[eco-story.co.kr/app/javascript/js/board-displayc279.js]
[eco-story.co.kr/main.html]
